HI-TECH Software 8051-C Compiler V9.60

Linker command line:

--edf=C:\PROGRA~2\HI-TEC~1\HC51\lite\9.60\dat\en_msgs.txt -h+Z:\pract 5.sym \
  -z -Q8051AH -ol.obj -MZ:\pract 5.map -E1 -ver=8051-C#V9.60 \
  -ACODE=00h-0FFFh -pvectors=00h \
  -prbit=0/20h,rbss,rdata/CODE,irdata/CODE,idata/rbss -pbss=XDATA/idata \
  -pdata=CODE+100h -pconst=CODE+100h -pstrings=CODE+100h -pnvram=bss,heap \
  C:\Temp\se40.obj Z:\main_0.obj \
  C:\PROGRA~2\HI-TEC~1\HC51\lite\9.60\lib\51--nsc.lib 

Object code version is 3.8

Machine type is 8051AH

Call graph:

*start1 size 0,0 offset 0
*    _main size 0,51 offset 0
*        _lcd_data size 0,0 offset 51

		Name          Link     Load   Length Selector Space Scale
C:\Temp\se40.obj
		vectors          0        0        3       0     0
		text            B7       B7       14       0     0
Z:\main_0.obj   data           100      100       2D     100     0
		strings        12D      12D       21     100     0
		text           14E      14E      11E     100     0

C:\PROGRA~2\HI-TEC~1\HC51\lite\9.60\lib\51--nsc.lib
ldc_byte.obj    text             3        3       73       0     0
powerup.obj     text            CB       CB        3       0     0
str_cops.obj    text            76       76       41       0     0

COMMON          rbss            20       20       33      20     1

TOTAL		Name          Link     Load   Length
	CLASS	CODE     
		vectors          0        0        3
		data           100      100       2D
		text            B7       B7       14
		strings        12D      12D       21
		text           14E      14E      11E
		text             3        3       73
		text            CB       CB        3
		text            76       76       41

	CLASS	DATA     
		rbss            20       20       33

	CLASS	XDATA    

	CLASS	BITSEG   



SEGMENTS	Name		Load	Length	 Top	Selector    Space Class

		vectors         000000	0000CE	0000CE	       0       0  CODE    
		rbit            000020	000033	000053	      20       1  BITSEG  
		data            000100	00016C	00026C	     100       0  CODE    


UNUSED ADDRESS RANGES

	CODE             0CE-0FF
	                 26C-FFF

                                  Symbol Table

?a_main        rbss    020  __Bbss         bss     053
__Bidata       idata   053  __Birdata      irdata  003
__Brbit        rbit    020  __Brdata       rdata   003
__Hbss         bss     053  __Hcode        code    053
__Hconst       const   100  __Hdata        data    12D
__Hheap        heap    053  __Hidata       idata   053
__Hirdata      irdata  053  __Hnvram       nvram   053
__Hrbit        rbit    000  __Hrbss        rbss    053
__Hrdata       rdata   053  __Hstrings     strings 14E
__Htext        text    053  __Hvectors     vectors 003
__Lbss         bss     053  __Lcode        code    053
__Lconst       const   100  __Ldata        data    100
__Lheap        heap    053  __Lidata       idata   053
__Lirdata      irdata  053  __Lnvram       nvram   053
__Lrbit        rbit    000  __Lrbss        rbss    020
__Lrdata       rdata   053  __Lstrings     strings 12D
__Ltext        text    053  __Lvectors     vectors 000
__S0           (abs)   26C  _exit          text    0C8
_lcd_data      text    14E  _main          text    15B
intlevel0      (abs)   000  intlevel1      (abs)   000
ldb_r0         text    012  ldb_r1         text    01F
ldb_r2         text    02C  ldb_r3         text    039
ldb_r4         text    046  ldb_r5         text    053
ldb_r6         text    060  ldb_r7         text    06D
ldc_byte       text    003  ldc_r0         text    00E
ldc_r1         text    01B  ldc_r2         text    028
ldc_r3         text    035  ldc_r4         text    042
ldc_r5         text    04F  ldc_r6         text    05C
ldc_r7         text    069  powerup        text    0CB
small_model    (abs)   001  stack_internal (abs)   001
start          vectors 000  start1         text    0B7
str_copy       text    08C  str_load       text    08C
str_xcopy      text    076  strx_copy      text    08C
strx_load      text    08C  strx_xcopy     text    076
